main.cpp:70:6:void init_nextion()	240	static
main.cpp:93:6:void HAL_TIM_PWM_PulseFinishedCallback(TIM_HandleTypeDef*)	16	static
main.cpp:99:6:void HAL_UART_RxCpltCallback(UART_HandleTypeDef*)	16	static
main.cpp:154:5:int main()	13968	static
main.cpp:231:6:void SystemClock_Config()	88	static
main.cpp:275:13:void MX_ADC1_Init()	24	static
main.cpp:325:13:void MX_TIM1_Init()	96	static
main.cpp:400:13:void MX_USART1_UART_Init()	8	static
main.cpp:431:13:void MX_DMA_Init()	16	static
main.cpp:449:13:void MX_GPIO_Init()	48	static
main.cpp:477:6:void Error_Handler()	4	static,ignoring_inline_asm
