Archive member included to satisfy reference by file (symbol)

c:/st/stm32cubeide_1.6.1/stm32cubeide/plugins/com.st.stm32cube.ide.mcu.externaltools.gnu-tools-for-stm32.9-2020-q2-update.win32_1.5.0.202011040924/tools/bin/../lib/gcc/arm-none-eabi/9.3.1/../../../../arm-none-eabi/lib/thumb/v7e-m+fp/hard\libc_nano.a(lib_a-errno.o)
                              Core/Src/syscalls.o (__errno)
c:/st/stm32cubeide_1.6.1/stm32cubeide/plugins/com.st.stm32cube.ide.mcu.externaltools.gnu-tools-for-stm32.9-2020-q2-update.win32_1.5.0.202011040924/tools/bin/../lib/gcc/arm-none-eabi/9.3.1/../../../../arm-none-eabi/lib/thumb/v7e-m+fp/hard\libc_nano.a(lib_a-exit.o)
                              c:/st/stm32cubeide_1.6.1/stm32cubeide/plugins/com.st.stm32cube.ide.mcu.externaltools.gnu-tools-for-stm32.9-2020-q2-update.win32_1.5.0.202011040924/tools/bin/../lib/gcc/arm-none-eabi/9.3.1/../../../../arm-none-eabi/lib/thumb/v7e-m+fp/hard/crt0.o (exit)
c:/st/stm32cubeide_1.6.1/stm32cubeide/plugins/com.st.stm32cube.ide.mcu.externaltools.gnu-tools-for-stm32.9-2020-q2-update.win32_1.5.0.202011040924/tools/bin/../lib/gcc/arm-none-eabi/9.3.1/../../../../arm-none-eabi/lib/thumb/v7e-m+fp/hard\libc_nano.a(lib_a-impure.o)
                              c:/st/stm32cubeide_1.6.1/stm32cubeide/plugins/com.st.stm32cube.ide.mcu.externaltools.gnu-tools-for-stm32.9-2020-q2-update.win32_1.5.0.202011040924/tools/bin/../lib/gcc/arm-none-eabi/9.3.1/../../../../arm-none-eabi/lib/thumb/v7e-m+fp/hard\libc_nano.a(lib_a-exit.o) (_global_impure_ptr)
c:/st/stm32cubeide_1.6.1/stm32cubeide/plugins/com.st.stm32cube.ide.mcu.externaltools.gnu-tools-for-stm32.9-2020-q2-update.win32_1.5.0.202011040924/tools/bin/../lib/gcc/arm-none-eabi/9.3.1/../../../../arm-none-eabi/lib/thumb/v7e-m+fp/hard\libc_nano.a(lib_a-init.o)
                              c:/st/stm32cubeide_1.6.1/stm32cubeide/plugins/com.st.stm32cube.ide.mcu.externaltools.gnu-tools-for-stm32.9-2020-q2-update.win32_1.5.0.202011040924/tools/bin/../lib/gcc/arm-none-eabi/9.3.1/../../../../arm-none-eabi/lib/thumb/v7e-m+fp/hard/crt0.o (__libc_init_array)
c:/st/stm32cubeide_1.6.1/stm32cubeide/plugins/com.st.stm32cube.ide.mcu.externaltools.gnu-tools-for-stm32.9-2020-q2-update.win32_1.5.0.202011040924/tools/bin/../lib/gcc/arm-none-eabi/9.3.1/../../../../arm-none-eabi/lib/thumb/v7e-m+fp/hard\libc_nano.a(lib_a-memcpy-stub.o)
                              Core/Src/led_strip.o (memcpy)
c:/st/stm32cubeide_1.6.1/stm32cubeide/plugins/com.st.stm32cube.ide.mcu.externaltools.gnu-tools-for-stm32.9-2020-q2-update.win32_1.5.0.202011040924/tools/bin/../lib/gcc/arm-none-eabi/9.3.1/../../../../arm-none-eabi/lib/thumb/v7e-m+fp/hard\libc_nano.a(lib_a-memset.o)
                              c:/st/stm32cubeide_1.6.1/stm32cubeide/plugins/com.st.stm32cube.ide.mcu.externaltools.gnu-tools-for-stm32.9-2020-q2-update.win32_1.5.0.202011040924/tools/bin/../lib/gcc/arm-none-eabi/9.3.1/../../../../arm-none-eabi/lib/thumb/v7e-m+fp/hard/crt0.o (memset)
c:/st/stm32cubeide_1.6.1/stm32cubeide/plugins/com.st.stm32cube.ide.mcu.externaltools.gnu-tools-for-stm32.9-2020-q2-update.win32_1.5.0.202011040924/tools/bin/../lib/gcc/arm-none-eabi/9.3.1/thumb/v7e-m+fp/hard\libgcc.a(_aeabi_uldivmod.o)
                              Drivers/STM32F4xx_HAL_Driver/Src/stm32f4xx_hal_rcc.o (__aeabi_uldivmod)
c:/st/stm32cubeide_1.6.1/stm32cubeide/plugins/com.st.stm32cube.ide.mcu.externaltools.gnu-tools-for-stm32.9-2020-q2-update.win32_1.5.0.202011040924/tools/bin/../lib/gcc/arm-none-eabi/9.3.1/thumb/v7e-m+fp/hard\libgcc.a(_udivmoddi4.o)
                              c:/st/stm32cubeide_1.6.1/stm32cubeide/plugins/com.st.stm32cube.ide.mcu.externaltools.gnu-tools-for-stm32.9-2020-q2-update.win32_1.5.0.202011040924/tools/bin/../lib/gcc/arm-none-eabi/9.3.1/thumb/v7e-m+fp/hard\libgcc.a(_aeabi_uldivmod.o) (__udivmoddi4)
c:/st/stm32cubeide_1.6.1/stm32cubeide/plugins/com.st.stm32cube.ide.mcu.externaltools.gnu-tools-for-stm32.9-2020-q2-update.win32_1.5.0.202011040924/tools/bin/../lib/gcc/arm-none-eabi/9.3.1/thumb/v7e-m+fp/hard\libgcc.a(_dvmd_tls.o)
                              c:/st/stm32cubeide_1.6.1/stm32cubeide/plugins/com.st.stm32cube.ide.mcu.externaltools.gnu-tools-for-stm32.9-2020-q2-update.win32_1.5.0.202011040924/tools/bin/../lib/gcc/arm-none-eabi/9.3.1/thumb/v7e-m+fp/hard\libgcc.a(_aeabi_uldivmod.o) (__aeabi_ldiv0)

Allocating common symbols
Common symbol       size              file

uwTick              0x4               Drivers/STM32F4xx_HAL_Driver/Src/stm32f4xx_hal.o
pFlash              0x20              Drivers/STM32F4xx_HAL_Driver/Src/stm32f4xx_hal_flash.o

Discarded input sections

 .text          0x0000000000000000        0x0 c:/st/stm32cubeide_1.6.1/stm32cubeide/plugins/com.st.stm32cube.ide.mcu.externaltools.gnu-tools-for-stm32.9-2020-q2-update.win32_1.5.0.202011040924/tools/bin/../lib/gcc/arm-none-eabi/9.3.1/thumb/v7e-m+fp/hard/crti.o
[...]
Memory Configuration

Name             Origin             Length             Attributes
RAM              0x0000000020000000 0x0000000000020000 xrw
FLASH            0x0000000008000000 0x0000000000080000 xr
*default*        0x0000000000000000 0xffffffffffffffff

Linker script and memory map

LOAD c:/st/stm32cubeide_1.6.1/stm32cubeide/plugins/com.st.stm32cube.ide.mcu.externaltools.gnu-tools-for-stm32.9-2020-q2-update.win32_1.5.0.202011040924/tools/bin/../lib/gcc/arm-none-eabi/9.3.1/thumb/v7e-m+fp/hard/crti.o
LOAD c:/st/stm32cubeide_1.6.1/stm32cubeide/plugins/com.st.stm32cube.ide.mcu.externaltools.gnu-tools-for-stm32.9-2020-q2-update.win32_1.5.0.202011040924/tools/bin/../lib/gcc/arm-none-eabi/9.3.1/thumb/v7e-m+fp/hard/crtbegin.o
LOAD c:/st/stm32cubeide_1.6.1/stm32cubeide/plugins/com.st.stm32cube.ide.mcu.externaltools.gnu-tools-for-stm32.9-2020-q2-update.win32_1.5.0.202011040924/tools/bin/../lib/gcc/arm-none-eabi/9.3.1/../../../../arm-none-eabi/lib/thumb/v7e-m+fp/hard/crt0.o
LOAD Core/Src/led_strip.o
LOAD Core/Src/main.o
LOAD Core/Src/stm32f4xx_hal_msp.o
LOAD Core/Src/stm32f4xx_it.o
LOAD Core/Src/syscalls.o
LOAD Core/Src/sysmem.o
LOAD Core/Src/system_stm32f4xx.o
LOAD Core/Startup/startup_stm32f411retx.o
LOAD Drivers/STM32F4xx_HAL_Driver/Src/stm32f4xx_hal.o
LOAD Drivers/STM32F4xx_HAL_Driver/Src/stm32f4xx_hal_adc.o
LOAD Drivers/STM32F4xx_HAL_Driver/Src/stm32f4xx_hal_adc_ex.o
LOAD Drivers/STM32F4xx_HAL_Driver/Src/stm32f4xx_hal_cortex.o
LOAD Drivers/STM32F4xx_HAL_Driver/Src/stm32f4xx_hal_dma.o
LOAD Drivers/STM32F4xx_HAL_Driver/Src/stm32f4xx_hal_dma_ex.o
LOAD Drivers/STM32F4xx_HAL_Driver/Src/stm32f4xx_hal_exti.o
LOAD Drivers/STM32F4xx_HAL_Driver/Src/stm32f4xx_hal_flash.o
LOAD Drivers/STM32F4xx_HAL_Driver/Src/stm32f4xx_hal_flash_ex.o
LOAD Drivers/STM32F4xx_HAL_Driver/Src/stm32f4xx_hal_flash_ramfunc.o
LOAD Drivers/STM32F4xx_HAL_Driver/Src/stm32f4xx_hal_gpio.o
LOAD Drivers/STM32F4xx_HAL_Driver/Src/stm32f4xx_hal_pwr.o
LOAD Drivers/STM32F4xx_HAL_Driver/Src/stm32f4xx_hal_pwr_ex.o
LOAD Drivers/STM32F4xx_HAL_Driver/Src/stm32f4xx_hal_rcc.o
LOAD Drivers/STM32F4xx_HAL_Driver/Src/stm32f4xx_hal_rcc_ex.o
LOAD Drivers/STM32F4xx_HAL_Driver/Src/stm32f4xx_hal_tim.o
LOAD Drivers/STM32F4xx_HAL_Driver/Src/stm32f4xx_hal_tim_ex.o
LOAD Drivers/STM32F4xx_HAL_Driver/Src/stm32f4xx_hal_uart.o
LOAD Drivers/STM32F4xx_HAL_Driver/Src/stm32f4xx_ll_adc.o
START GROUP
LOAD c:/st/stm32cubeide_1.6.1/stm32cubeide/plugins/com.st.stm32cube.ide.mcu.externaltools.gnu-tools-for-stm32.9-2020-q2-update.win32_1.5.0.202011040924/tools/bin/../lib/gcc/arm-none-eabi/9.3.1/../../../../arm-none-eabi/lib/thumb/v7e-m+fp/hard\libstdc++_nano.a
LOAD c:/st/stm32cubeide_1.6.1/stm32cubeide/plugins/com.st.stm32cube.ide.mcu.externaltools.gnu-tools-for-stm32.9-2020-q2-update.win32_1.5.0.202011040924/tools/bin/../lib/gcc/arm-none-eabi/9.3.1/../../../../arm-none-eabi/lib/thumb/v7e-m+fp/hard\libsupc++_nano.a
END GROUP
LOAD c:/st/stm32cubeide_1.6.1/stm32cubeide/plugins/com.st.stm32cube.ide.mcu.externaltools.gnu-tools-for-stm32.9-2020-q2-update.win32_1.5.0.202011040924/tools/bin/../lib/gcc/arm-none-eabi/9.3.1/../../../../arm-none-eabi/lib/thumb/v7e-m+fp/hard\libstdc++_nano.a
LOAD c:/st/stm32cubeide_1.6.1/stm32cubeide/plugins/com.st.stm32cube.ide.mcu.externaltools.gnu-tools-for-stm32.9-2020-q2-update.win32_1.5.0.202011040924/tools/bin/../lib/gcc/arm-none-eabi/9.3.1/../../../../arm-none-eabi/lib/thumb/v7e-m+fp/hard\libm.a
LOAD c:/st/stm32cubeide_1.6.1/stm32cubeide/plugins/com.st.stm32cube.ide.mcu.externaltools.gnu-tools-for-stm32.9-2020-q2-update.win32_1.5.0.202011040924/tools/bin/../lib/gcc/arm-none-eabi/9.3.1/../../../../arm-none-eabi/lib/thumb/v7e-m+fp/hard\libc_nano.a
START GROUP
LOAD c:/st/stm32cubeide_1.6.1/stm32cubeide/plugins/com.st.stm32cube.ide.mcu.externaltools.gnu-tools-for-stm32.9-2020-q2-update.win32_1.5.0.202011040924/tools/bin/../lib/gcc/arm-none-eabi/9.3.1/thumb/v7e-m+fp/hard\libgcc.a
LOAD c:/st/stm32cubeide_1.6.1/stm32cubeide/plugins/com.st.stm32cube.ide.mcu.externaltools.gnu-tools-for-stm32.9-2020-q2-update.win32_1.5.0.202011040924/tools/bin/../lib/gcc/arm-none-eabi/9.3.1/../../../../arm-none-eabi/lib/thumb/v7e-m+fp/hard\libc_nano.a
END GROUP
START GROUP
LOAD c:/st/stm32cubeide_1.6.1/stm32cubeide/plugins/com.st.stm32cube.ide.mcu.externaltools.gnu-tools-for-stm32.9-2020-q2-update.win32_1.5.0.202011040924/tools/bin/../lib/gcc/arm-none-eabi/9.3.1/thumb/v7e-m+fp/hard\libgcc.a
LOAD c:/st/stm32cubeide_1.6.1/stm32cubeide/plugins/com.st.stm32cube.ide.mcu.externaltools.gnu-tools-for-stm32.9-2020-q2-update.win32_1.5.0.202011040924/tools/bin/../lib/gcc/arm-none-eabi/9.3.1/../../../../arm-none-eabi/lib/thumb/v7e-m+fp/hard\libc_nano.a
LOAD c:/st/stm32cubeide_1.6.1/stm32cubeide/plugins/com.st.stm32cube.ide.mcu.externaltools.gnu-tools-for-stm32.9-2020-q2-update.win32_1.5.0.202011040924/tools/bin/../lib/gcc/arm-none-eabi/9.3.1/../../../../arm-none-eabi/lib/thumb/v7e-m+fp/hard\libnosys.a
END GROUP
START GROUP
LOAD c:/st/stm32cubeide_1.6.1/stm32cubeide/plugins/com.st.stm32cube.ide.mcu.externaltools.gnu-tools-for-stm32.9-2020-q2-update.win32_1.5.0.202011040924/tools/bin/../lib/gcc/arm-none-eabi/9.3.1/thumb/v7e-m+fp/hard\libgcc.a
LOAD c:/st/stm32cubeide_1.6.1/stm32cubeide/plugins/com.st.stm32cube.ide.mcu.externaltools.gnu-tools-for-stm32.9-2020-q2-update.win32_1.5.0.202011040924/tools/bin/../lib/gcc/arm-none-eabi/9.3.1/../../../../arm-none-eabi/lib/thumb/v7e-m+fp/hard\libc_nano.a
LOAD c:/st/stm32cubeide_1.6.1/stm32cubeide/plugins/com.st.stm32cube.ide.mcu.externaltools.gnu-tools-for-stm32.9-2020-q2-update.win32_1.5.0.202011040924/tools/bin/../lib/gcc/arm-none-eabi/9.3.1/../../../../arm-none-eabi/lib/thumb/v7e-m+fp/hard\libnosys.a
END GROUP
LOAD c:/st/stm32cubeide_1.6.1/stm32cubeide/plugins/com.st.stm32cube.ide.mcu.externaltools.gnu-tools-for-stm32.9-2020-q2-update.win32_1.5.0.202011040924/tools/bin/../lib/gcc/arm-none-eabi/9.3.1/thumb/v7e-m+fp/hard/crtend.o
LOAD c:/st/stm32cubeide_1.6.1/stm32cubeide/plugins/com.st.stm32cube.ide.mcu.externaltools.gnu-tools-for-stm32.9-2020-q2-update.win32_1.5.0.202011040924/tools/bin/../lib/gcc/arm-none-eabi/9.3.1/thumb/v7e-m+fp/hard/crtn.o
                0x0000000020020000                _estack = (ORIGIN (RAM) + LENGTH (RAM))
                0x0000000000000200                _Min_Heap_Size = 0x200
                0x0000000000000400                _Min_Stack_Size = 0x400

.isr_vector     0x0000000008000000      0x198
                0x0000000008000000                . = ALIGN (0x4)
 *(.isr_vector)
 .isr_vector    0x0000000008000000      0x198 Core/Startup/startup_stm32f411retx.o
                0x0000000008000000                g_pfnVectors
                0x0000000008000198                . = ALIGN (0x4)

.text           0x0000000008000198     0x5568
                0x0000000008000198                . = ALIGN (0x4)
 *(.text)
 .text          0x0000000008000198       0x40 c:/st/stm32cubeide_1.6.1/stm32cubeide/plugins/com.st.stm32cube.ide.mcu.externaltools.gnu-tools-for-stm32.9-2020-q2-update.win32_1.5.0.202011040924/tools/bin/../lib/gcc/arm-none-eabi/9.3.1/thumb/v7e-m+fp/hard/crtbegin.o
 .text          0x00000000080001d8       0x30 c:/st/stm32cubeide_1.6.1/stm32cubeide/plugins/com.st.stm32cube.ide.mcu.externaltools.gnu-tools-for-stm32.9-2020-q2-update.win32_1.5.0.202011040924/tools/bin/../lib/gcc/arm-none-eabi/9.3.1/thumb/v7e-m+fp/hard\libgcc.a(_aeabi_uldivmod.o)
                0x00000000080001d8                __aeabi_uldivmod
 .text          0x0000000008000208      0x2c4 c:/st/stm32cubeide_1.6.1/stm32cubeide/plugins/com.st.stm32cube.ide.mcu.externaltools.gnu-tools-for-stm32.9-2020-q2-update.win32_1.5.0.202011040924/tools/bin/../lib/gcc/arm-none-eabi/9.3.1/thumb/v7e-m+fp/hard\libgcc.a(_udivmoddi4.o)
                0x0000000008000208                __udivmoddi4
 .text          0x00000000080004cc        0x4 c:/st/stm32cubeide_1.6.1/stm32cubeide/plugins/com.st.stm32cube.ide.mcu.externaltools.gnu-tools-for-stm32.9-2020-q2-update.win32_1.5.0.202011040924/tools/bin/../lib/gcc/arm-none-eabi/9.3.1/thumb/v7e-m+fp/hard\libgcc.a(_dvmd_tls.o)
                0x00000000080004cc                __aeabi_idiv0
                0x00000000080004cc                __aeabi_ldiv0
 *(.text*)
 .text._ZN8LEDStripC2EhPbP17TIM_HandleTypeDefm
                0x00000000080004d0       0x98 Core/Src/led_strip.o
                0x00000000080004d0                LEDStrip::LEDStrip(unsigned char, bool*, TIM_HandleTypeDef*, unsigned long)
                0x00000000080004d0                LEDStrip::LEDStrip(unsigned char, bool*, TIM_HandleTypeDef*, unsigned long)
 .text._ZN8LEDStrip6updateEv
                0x0000000008000568      0x122 Core/Src/led_strip.o
                0x0000000008000568                LEDStrip::update()
 *fill*         0x000000000800068a        0x2 
 .text._ZN8LEDStrip14set_brightnessEh
                0x000000000800068c       0x3c Core/Src/led_strip.o
                0x000000000800068c                LEDStrip::set_brightness(unsigned char)
 .text._ZN8LEDStrip16set_single_colorEhhh
                0x00000000080006c8       0x5a Core/Src/led_strip.o
                0x00000000080006c8                LEDStrip::set_single_color(unsigned char, unsigned char, unsigned char)
 *fill*         0x0000000008000722        0x2 
 .text._ZN8LEDStrip11set_paletteEh
                0x0000000008000724       0x5c Core/Src/led_strip.o
                0x0000000008000724                LEDStrip::set_palette(unsigned char)
 .text._ZN8LEDStrip9set_imageEv
                0x0000000008000780       0x28 Core/Src/led_strip.o
                0x0000000008000780                LEDStrip::set_image()
 .text._ZN8LEDStrip15update_led_dataEv
                0x00000000080007a8      0x10c Core/Src/led_strip.o
                0x00000000080007a8                LEDStrip::update_led_data()
 .text._ZN8LEDStrip14set_single_ledEhhhh
                0x00000000080008b4       0x5c Core/Src/led_strip.o
                0x00000000080008b4                LEDStrip::set_single_led(unsigned char, unsigned char, unsigned char, unsigned char)
 .text._ZN8LEDStrip11set_rainbowEv
                0x0000000008000910       0xfc Core/Src/led_strip.o
                0x0000000008000910                LEDStrip::set_rainbow()
 .text._ZN8LEDStrip10set_policeEv
                0x0000000008000a0c       0x6c Core/Src/led_strip.o
                0x0000000008000a0c                LEDStrip::set_police()
 .text._ZN8LEDStrip9set_flameEv
                0x0000000008000a78       0xcc Core/Src/led_strip.o
                0x0000000008000a78                LEDStrip::set_flame()
 .text._ZN8LEDStrip7set_rgbEv
                0x0000000008000b44       0x94 Core/Src/led_strip.o
                0x0000000008000b44                LEDStrip::set_rgb()
 .text._ZN8LEDStrip13example_imageEv
                0x0000000008000bd8       0xf8 Core/Src/led_strip.o
                0x0000000008000bd8                LEDStrip::example_image()
 .text._Z12init_nextionv
                0x0000000008000cd0      0x164 Core/Src/main.o
                0x0000000008000cd0                init_nextion()
 .text.HAL_TIM_PWM_PulseFinishedCallback
                0x0000000008000e34       0x28 Core/Src/main.o
                0x0000000008000e34                HAL_TIM_PWM_PulseFinishedCallback
 .text.HAL_UART_RxCpltCallback
                0x0000000008000e5c      0x104 Core/Src/main.o
                0x0000000008000e5c                HAL_UART_RxCpltCallback
 .text.main     0x0000000008000f60      0x118 Core/Src/main.o
                0x0000000008000f60                main
 .text._Z18SystemClock_Configv
                0x0000000008001078       0xe4 Core/Src/main.o
                0x0000000008001078                SystemClock_Config()
 .text._ZL12MX_ADC1_Initv
                0x000000000800115c       0xb8 Core/Src/main.o
 .text._ZL12MX_TIM1_Initv
                0x0000000008001214      0x17c Core/Src/main.o
 .text._ZL19MX_USART1_UART_Initv
                0x0000000008001390       0x5c Core/Src/main.o
 .text._ZL11MX_DMA_Initv
                0x00000000080013ec       0x40 Core/Src/main.o
 .text._ZL12MX_GPIO_Initv
                0x000000000800142c       0xb8 Core/Src/main.o
 .text.Error_Handler
                0x00000000080014e4        0xa Core/Src/main.o
                0x00000000080014e4                Error_Handler
 *fill*         0x00000000080014ee        0x2 
 .text.HAL_MspInit
                0x00000000080014f0       0x50 Core/Src/stm32f4xx_hal_msp.o
                0x00000000080014f0                HAL_MspInit
 .text.HAL_ADC_MspInit
                0x0000000008001540       0x88 Core/Src/stm32f4xx_hal_msp.o
                0x0000000008001540                HAL_ADC_MspInit
 .text.HAL_TIM_Base_MspInit
                0x00000000080015c8       0xa8 Core/Src/stm32f4xx_hal_msp.o
                0x00000000080015c8                HAL_TIM_Base_MspInit
 .text.HAL_TIM_MspPostInit
                0x0000000008001670       0x74 Core/Src/stm32f4xx_hal_msp.o
                0x0000000008001670                HAL_TIM_MspPostInit
 .text.HAL_UART_MspInit
                0x00000000080016e4       0xa0 Core/Src/stm32f4xx_hal_msp.o
                0x00000000080016e4                HAL_UART_MspInit
 .text.NMI_Handler
                0x0000000008001784        0x6 Core/Src/stm32f4xx_it.o
                0x0000000008001784                NMI_Handler
 .text.HardFault_Handler
                0x000000000800178a        0x6 Core/Src/stm32f4xx_it.o
                0x000000000800178a                HardFault_Handler
 .text.MemManage_Handler
                0x0000000008001790        0x6 Core/Src/stm32f4xx_it.o
                0x0000000008001790                MemManage_Handler
 .text.BusFault_Handler
                0x0000000008001796        0x6 Core/Src/stm32f4xx_it.o
                0x0000000008001796                BusFault_Handler
 .text.UsageFault_Handler
                0x000000000800179c        0x6 Core/Src/stm32f4xx_it.o
                0x000000000800179c                UsageFault_Handler
 .text.SVC_Handler
                0x00000000080017a2        0xe Core/Src/stm32f4xx_it.o
                0x00000000080017a2                SVC_Handler
 .text.DebugMon_Handler
                0x00000000080017b0        0xe Core/Src/stm32f4xx_it.o
                0x00000000080017b0                DebugMon_Handler
 .text.PendSV_Handler
                0x00000000080017be        0xe Core/Src/stm32f4xx_it.o
                0x00000000080017be                PendSV_Handler
 .text.SysTick_Handler
                0x00000000080017cc        0xc Core/Src/stm32f4xx_it.o
                0x00000000080017cc                SysTick_Handler
 .text.USART1_IRQHandler
                0x00000000080017d8       0x14 Core/Src/stm32f4xx_it.o
                0x00000000080017d8                USART1_IRQHandler
 .text.DMA2_Stream1_IRQHandler
                0x00000000080017ec       0x14 Core/Src/stm32f4xx_it.o
                0x00000000080017ec                DMA2_Stream1_IRQHandler
 .text.SystemInit
                0x0000000008001800       0x24 Core/Src/system_stm32f4xx.o
                0x0000000008001800                SystemInit
 .text.Reset_Handler
                0x0000000008001824       0x50 Core/Startup/startup_stm32f411retx.o
                0x0000000008001824                Reset_Handler
 .text.Default_Handler
                0x0000000008001874        0x2 Core/Startup/startup_stm32f411retx.o
                0x0000000008001874                RTC_Alarm_IRQHandler
                0x0000000008001874                EXTI2_IRQHandler
                0x0000000008001874                SPI4_IRQHandler
                0x0000000008001874                TIM1_CC_IRQHandler
                0x0000000008001874                DMA2_Stream5_IRQHandler
                0x0000000008001874                DMA1_Stream5_IRQHandler
                0x0000000008001874                PVD_IRQHandler
                0x0000000008001874                SDIO_IRQHandler
                0x0000000008001874                TAMP_STAMP_IRQHandler
                0x0000000008001874                EXTI3_IRQHandler
                0x0000000008001874                TIM1_UP_TIM10_IRQHandler
                0x0000000008001874                I2C3_ER_IRQHandler
                0x0000000008001874                EXTI0_IRQHandler
                0x0000000008001874                I2C2_EV_IRQHandler
                0x0000000008001874                DMA1_Stream2_IRQHandler
                0x0000000008001874                FPU_IRQHandler
                0x0000000008001874                DMA2_Stream2_IRQHandler
                0x0000000008001874                SPI1_IRQHandler
                0x0000000008001874                TIM1_BRK_TIM9_IRQHandler
                0x0000000008001874                DMA2_Stream3_IRQHandler
                0x0000000008001874                USART6_IRQHandler
                0x0000000008001874                DMA2_Stream0_IRQHandler
                0x0000000008001874                TIM4_IRQHandler
                0x0000000008001874                I2C1_EV_IRQHandler
                0x0000000008001874                DMA1_Stream6_IRQHandler
                0x0000000008001874                DMA1_Stream1_IRQHandler
                0x0000000008001874                TIM3_IRQHandler
                0x0000000008001874                RCC_IRQHandler
                0x0000000008001874                Default_Handler
                0x0000000008001874                EXTI15_10_IRQHandler
                0x0000000008001874                ADC_IRQHandler
                0x0000000008001874                DMA1_Stream7_IRQHandler
                0x0000000008001874                SPI5_IRQHandler
                0x0000000008001874                TIM5_IRQHandler
                0x0000000008001874                DMA2_Stream7_IRQHandler
                0x0000000008001874                I2C3_EV_IRQHandler
                0x0000000008001874                EXTI9_5_IRQHandler
                0x0000000008001874                RTC_WKUP_IRQHandler
                0x0000000008001874                SPI2_IRQHandler
                0x0000000008001874                DMA1_Stream0_IRQHandler
                0x0000000008001874                EXTI4_IRQHandler
                0x0000000008001874                WWDG_IRQHandler
                0x0000000008001874                TIM2_IRQHandler
                0x0000000008001874                OTG_FS_WKUP_IRQHandler
                0x0000000008001874                TIM1_TRG_COM_TIM11_IRQHandler
                0x0000000008001874                EXTI1_IRQHandler
                0x0000000008001874                USART2_IRQHandler
                0x0000000008001874                I2C2_ER_IRQHandler
                0x0000000008001874                FLASH_IRQHandler
                0x0000000008001874                DMA2_Stream4_IRQHandler
                0x0000000008001874                OTG_FS_IRQHandler
                0x0000000008001874                SPI3_IRQHandler
                0x0000000008001874                DMA1_Stream4_IRQHandler
                0x0000000008001874                I2C1_ER_IRQHandler
                0x0000000008001874                DMA2_Stream6_IRQHandler
                0x0000000008001874                DMA1_Stream3_IRQHandler
 *fill*         0x0000000008001876        0x2 
 .text.HAL_Init
                0x0000000008001878       0x44 Drivers/STM32F4xx_HAL_Driver/Src/stm32f4xx_hal.o
                0x0000000008001878                HAL_Init
 .text.HAL_InitTick
                0x00000000080018bc       0x60 Drivers/STM32F4xx_HAL_Driver/Src/stm32f4xx_hal.o
                0x00000000080018bc                HAL_InitTick
 .text.HAL_IncTick
                0x000000000800191c       0x28 Drivers/STM32F4xx_HAL_Driver/Src/stm32f4xx_hal.o
                0x000000000800191c                HAL_IncTick
 .text.HAL_GetTick
                0x0000000008001944       0x18 Drivers/STM32F4xx_HAL_Driver/Src/stm32f4xx_hal.o
                0x0000000008001944                HAL_GetTick
 .text.HAL_Delay
                0x000000000800195c       0x48 Drivers/STM32F4xx_HAL_Driver/Src/stm32f4xx_hal.o
                0x000000000800195c                HAL_Delay
 .text.HAL_ADC_Init
                0x00000000080019a4       0x86 Drivers/STM32F4xx_HAL_Driver/Src/stm32f4xx_hal_adc.o
                0x00000000080019a4                HAL_ADC_Init
 *fill*         0x0000000008001a2a        0x2 
 .text.HAL_ADC_Start
                0x0000000008001a2c      0x168 Drivers/STM32F4xx_HAL_Driver/Src/stm32f4xx_hal_adc.o
                0x0000000008001a2c                HAL_ADC_Start
 .text.HAL_ADC_Stop
                0x0000000008001b94       0x66 Drivers/STM32F4xx_HAL_Driver/Src/stm32f4xx_hal_adc.o
                0x0000000008001b94                HAL_ADC_Stop
 .text.HAL_ADC_PollForConversion
                0x0000000008001bfa      0x116 Drivers/STM32F4xx_HAL_Driver/Src/stm32f4xx_hal_adc.o
                0x0000000008001bfa                HAL_ADC_PollForConversion
 .text.HAL_ADC_GetValue
                0x0000000008001d10       0x1a Drivers/STM32F4xx_HAL_Driver/Src/stm32f4xx_hal_adc.o
                0x0000000008001d10                HAL_ADC_GetValue
 *fill*         0x0000000008001d2a        0x2 
 .text.HAL_ADC_ConfigChannel
                0x0000000008001d2c      0x264 Drivers/STM32F4xx_HAL_Driver/Src/stm32f4xx_hal_adc.o
                0x0000000008001d2c                HAL_ADC_ConfigChannel
 .text.ADC_Init
                0x0000000008001f90      0x1f8 Drivers/STM32F4xx_HAL_Driver/Src/stm32f4xx_hal_adc.o
 .text.__NVIC_SetPriorityGrouping
                0x0000000008002188       0x48 Drivers/STM32F4xx_HAL_Driver/Src/stm32f4xx_hal_cortex.o
 .text.__NVIC_GetPriorityGrouping
                0x00000000080021d0       0x1c Drivers/STM32F4xx_HAL_Driver/Src/stm32f4xx_hal_cortex.o
 .text.__NVIC_EnableIRQ
                0x00000000080021ec       0x3c Drivers/STM32F4xx_HAL_Driver/Src/stm32f4xx_hal_cortex.o
 .text.__NVIC_SetPriority
                0x0000000008002228       0x54 Drivers/STM32F4xx_HAL_Driver/Src/stm32f4xx_hal_cortex.o
 .text.NVIC_EncodePriority
                0x000000000800227c       0x66 Drivers/STM32F4xx_HAL_Driver/Src/stm32f4xx_hal_cortex.o
 *fill*         0x00000000080022e2        0x2 
 .text.SysTick_Config
                0x00000000080022e4       0x44 Drivers/STM32F4xx_HAL_Driver/Src/stm32f4xx_hal_cortex.o
 .text.HAL_NVIC_SetPriorityGrouping
                0x0000000008002328       0x16 Drivers/STM32F4xx_HAL_Driver/Src/stm32f4xx_hal_cortex.o
                0x0000000008002328                HAL_NVIC_SetPriorityGrouping
 .text.HAL_NVIC_SetPriority
                0x000000000800233e       0x38 Drivers/STM32F4xx_HAL_Driver/Src/stm32f4xx_hal_cortex.o
                0x000000000800233e                HAL_NVIC_SetPriority
 .text.HAL_NVIC_EnableIRQ
                0x0000000008002376       0x1c Drivers/STM32F4xx_HAL_Driver/Src/stm32f4xx_hal_cortex.o
                0x0000000008002376                HAL_NVIC_EnableIRQ
 .text.HAL_SYSTICK_Config
                0x0000000008002392       0x18 Drivers/STM32F4xx_HAL_Driver/Src/stm32f4xx_hal_cortex.o
                0x0000000008002392                HAL_SYSTICK_Config
 *fill*         0x00000000080023aa        0x2 
 .text.HAL_DMA_Init
                0x00000000080023ac      0x15c Drivers/STM32F4xx_HAL_Driver/Src/stm32f4xx_hal_dma.o
                0x00000000080023ac                HAL_DMA_Init
 .text.HAL_DMA_Start_IT
                0x0000000008002508       0xb0 Drivers/STM32F4xx_HAL_Driver/Src/stm32f4xx_hal_dma.o
                0x0000000008002508                HAL_DMA_Start_IT
 .text.HAL_DMA_Abort
                0x00000000080025b8       0xe0 Drivers/STM32F4xx_HAL_Driver/Src/stm32f4xx_hal_dma.o
                0x00000000080025b8                HAL_DMA_Abort
 .text.HAL_DMA_Abort_IT
                0x0000000008002698       0x44 Drivers/STM32F4xx_HAL_Driver/Src/stm32f4xx_hal_dma.o
                0x0000000008002698                HAL_DMA_Abort_IT
 .text.HAL_DMA_IRQHandler
                0x00000000080026dc      0x314 Drivers/STM32F4xx_HAL_Driver/Src/stm32f4xx_hal_dma.o
                0x00000000080026dc                HAL_DMA_IRQHandler
 .text.DMA_SetConfig
                0x00000000080029f0       0x5c Drivers/STM32F4xx_HAL_Driver/Src/stm32f4xx_hal_dma.o
 .text.DMA_CalcBaseAndBitshift
                0x0000000008002a4c       0x6c Drivers/STM32F4xx_HAL_Driver/Src/stm32f4xx_hal_dma.o
 .text.DMA_CheckFifoParam
                0x0000000008002ab8       0xf8 Drivers/STM32F4xx_HAL_Driver/Src/stm32f4xx_hal_dma.o
 .text.HAL_GPIO_Init
                0x0000000008002bb0      0x308 Drivers/STM32F4xx_HAL_Driver/Src/stm32f4xx_hal_gpio.o
                0x0000000008002bb0                HAL_GPIO_Init
 .text.HAL_RCC_OscConfig
                0x0000000008002eb8      0x4f0 Drivers/STM32F4xx_HAL_Driver/Src/stm32f4xx_hal_rcc.o
                0x0000000008002eb8                HAL_RCC_OscConfig
 .text.HAL_RCC_ClockConfig
                0x00000000080033a8      0x1cc Drivers/STM32F4xx_HAL_Driver/Src/stm32f4xx_hal_rcc.o
                0x00000000080033a8                HAL_RCC_ClockConfig
 .text.HAL_RCC_GetSysClockFreq
                0x0000000008003574      0x1c4 Drivers/STM32F4xx_HAL_Driver/Src/stm32f4xx_hal_rcc.o
                0x0000000008003574                HAL_RCC_GetSysClockFreq
 .text.HAL_RCC_GetHCLKFreq
                0x0000000008003738       0x18 Drivers/STM32F4xx_HAL_Driver/Src/stm32f4xx_hal_rcc.o
                0x0000000008003738                HAL_RCC_GetHCLKFreq
 .text.HAL_RCC_GetPCLK1Freq
                0x0000000008003750       0x28 Drivers/STM32F4xx_HAL_Driver/Src/stm32f4xx_hal_rcc.o
                0x0000000008003750                HAL_RCC_GetPCLK1Freq
 .text.HAL_RCC_GetPCLK2Freq
                0x0000000008003778       0x28 Drivers/STM32F4xx_HAL_Driver/Src/stm32f4xx_hal_rcc.o
                0x0000000008003778                HAL_RCC_GetPCLK2Freq
 .text.HAL_TIM_Base_Init
                0x00000000080037a0       0x9e Drivers/STM32F4xx_HAL_Driver/Src/stm32f4xx_hal_tim.o
                0x00000000080037a0                HAL_TIM_Base_Init
 .text.HAL_TIM_PWM_Init
                0x000000000800383e       0x9e Drivers/STM32F4xx_HAL_Driver/Src/stm32f4xx_hal_tim.o
                0x000000000800383e                HAL_TIM_PWM_Init
 .text.HAL_TIM_PWM_MspInit
                0x00000000080038dc       0x14 Drivers/STM32F4xx_HAL_Driver/Src/stm32f4xx_hal_tim.o
                0x00000000080038dc                HAL_TIM_PWM_MspInit
 .text.HAL_TIM_PWM_Start_DMA
                0x00000000080038f0      0x350 Drivers/STM32F4xx_HAL_Driver/Src/stm32f4xx_hal_tim.o
                0x00000000080038f0                HAL_TIM_PWM_Start_DMA
 .text.HAL_TIM_PWM_Stop_DMA
                0x0000000008003c40      0x17c Drivers/STM32F4xx_HAL_Driver/Src/stm32f4xx_hal_tim.o
                0x0000000008003c40                HAL_TIM_PWM_Stop_DMA
 .text.HAL_TIM_PWM_ConfigChannel
                0x0000000008003dbc      0x17c Drivers/STM32F4xx_HAL_Driver/Src/stm32f4xx_hal_tim.o
                0x0000000008003dbc                HAL_TIM_PWM_ConfigChannel
 .text.HAL_TIM_ConfigClockSource
                0x0000000008003f38      0x188 Drivers/STM32F4xx_HAL_Driver/Src/stm32f4xx_hal_tim.o
                0x0000000008003f38                HAL_TIM_ConfigClockSource
 .text.HAL_TIM_PWM_PulseFinishedHalfCpltCallback
                0x00000000080040c0       0x14 Drivers/STM32F4xx_HAL_Driver/Src/stm32f4xx_hal_tim.o
                0x00000000080040c0                HAL_TIM_PWM_PulseFinishedHalfCpltCallback
 .text.HAL_TIM_ErrorCallback
                0x00000000080040d4       0x14 Drivers/STM32F4xx_HAL_Driver/Src/stm32f4xx_hal_tim.o
                0x00000000080040d4                HAL_TIM_ErrorCallback
 .text.TIM_DMAError
                0x00000000080040e8       0x92 Drivers/STM32F4xx_HAL_Driver/Src/stm32f4xx_hal_tim.o
                0x00000000080040e8                TIM_DMAError
 .text.TIM_DMADelayPulseCplt
                0x000000000800417a       0xa8 Drivers/STM32F4xx_HAL_Driver/Src/stm32f4xx_hal_tim.o
 .text.TIM_DMADelayPulseHalfCplt
                0x0000000008004222       0x68 Drivers/STM32F4xx_HAL_Driver/Src/stm32f4xx_hal_tim.o
                0x0000000008004222                TIM_DMADelayPulseHalfCplt
 *fill*         0x000000000800428a        0x2 
 .text.TIM_Base_SetConfig
                0x000000000800428c      0x100 Drivers/STM32F4xx_HAL_Driver/Src/stm32f4xx_hal_tim.o
                0x000000000800428c                TIM_Base_SetConfig
 .text.TIM_OC1_SetConfig
                0x000000000800438c       0xcc Drivers/STM32F4xx_HAL_Driver/Src/stm32f4xx_hal_tim.o
 .text.TIM_OC2_SetConfig
                0x0000000008004458       0xd8 Drivers/STM32F4xx_HAL_Driver/Src/stm32f4xx_hal_tim.o
                0x0000000008004458                TIM_OC2_SetConfig
 .text.TIM_OC3_SetConfig
                0x0000000008004530       0xd4 Drivers/STM32F4xx_HAL_Driver/Src/stm32f4xx_hal_tim.o
 .text.TIM_OC4_SetConfig
                0x0000000008004604       0xa0 Drivers/STM32F4xx_HAL_Driver/Src/stm32f4xx_hal_tim.o
 .text.TIM_TI1_ConfigInputStage
                0x00000000080046a4       0x5e Drivers/STM32F4xx_HAL_Driver/Src/stm32f4xx_hal_tim.o
 .text.TIM_TI2_ConfigInputStage
                0x0000000008004702       0x60 Drivers/STM32F4xx_HAL_Driver/Src/stm32f4xx_hal_tim.o
 .text.TIM_ITRx_SetConfig
                0x0000000008004762       0x36 Drivers/STM32F4xx_HAL_Driver/Src/stm32f4xx_hal_tim.o
 .text.TIM_ETR_SetConfig
                0x0000000008004798       0x40 Drivers/STM32F4xx_HAL_Driver/Src/stm32f4xx_hal_tim.o
                0x0000000008004798                TIM_ETR_SetConfig
 .text.TIM_CCxChannelCmd
                0x00000000080047d8       0x4a Drivers/STM32F4xx_HAL_Driver/Src/stm32f4xx_hal_tim.o
                0x00000000080047d8                TIM_CCxChannelCmd
 *fill*         0x0000000008004822        0x2 
 .text.HAL_TIMEx_MasterConfigSynchronization
                0x0000000008004824       0xdc Drivers/STM32F4xx_HAL_Driver/Src/stm32f4xx_hal_tim_ex.o
                0x0000000008004824                HAL_TIMEx_MasterConfigSynchronization
 .text.HAL_TIMEx_ConfigBreakDeadTime
                0x0000000008004900       0xa4 Drivers/STM32F4xx_HAL_Driver/Src/stm32f4xx_hal_tim_ex.o
                0x0000000008004900                HAL_TIMEx_ConfigBreakDeadTime
 .text.HAL_UART_Init
                0x00000000080049a4       0x9a Drivers/STM32F4xx_HAL_Driver/Src/stm32f4xx_hal_uart.o
                0x00000000080049a4                HAL_UART_Init
 .text.HAL_UART_Transmit
                0x0000000008004a3e      0x124 Drivers/STM32F4xx_HAL_Driver/Src/stm32f4xx_hal_uart.o
                0x0000000008004a3e                HAL_UART_Transmit
 .text.HAL_UART_Receive_IT
                0x0000000008004b62       0x60 Drivers/STM32F4xx_HAL_Driver/Src/stm32f4xx_hal_uart.o
                0x0000000008004b62                HAL_UART_Receive_IT
 *fill*         0x0000000008004bc2        0x2 
 .text.HAL_UART_IRQHandler
                0x0000000008004bc4      0x358 Drivers/STM32F4xx_HAL_Driver/Src/stm32f4xx_hal_uart.o
                0x0000000008004bc4                HAL_UART_IRQHandler
 .text.HAL_UART_TxCpltCallback
                0x0000000008004f1c       0x14 Drivers/STM32F4xx_HAL_Driver/Src/stm32f4xx_hal_uart.o
                0x0000000008004f1c                HAL_UART_TxCpltCallback
 .text.HAL_UART_ErrorCallback
                0x0000000008004f30       0x14 Drivers/STM32F4xx_HAL_Driver/Src/stm32f4xx_hal_uart.o
                0x0000000008004f30                HAL_UART_ErrorCallback
 .text.HAL_UARTEx_RxEventCallback
                0x0000000008004f44       0x18 Drivers/STM32F4xx_HAL_Driver/Src/stm32f4xx_hal_uart.o
                0x0000000008004f44                HAL_UARTEx_RxEventCallback
 .text.UART_WaitOnFlagUntilTimeout
                0x0000000008004f5c       0x94 Drivers/STM32F4xx_HAL_Driver/Src/stm32f4xx_hal_uart.o
 .text.UART_Start_Receive_IT
                0x0000000008004ff0       0x74 Drivers/STM32F4xx_HAL_Driver/Src/stm32f4xx_hal_uart.o
                0x0000000008004ff0                UART_Start_Receive_IT
 .text.UART_EndRxTransfer
                0x0000000008005064       0x5a Drivers/STM32F4xx_HAL_Driver/Src/stm32f4xx_hal_uart.o
 .text.UART_DMAAbortOnError
                0x00000000080050be       0x28 Drivers/STM32F4xx_HAL_Driver/Src/stm32f4xx_hal_uart.o
 .text.UART_Transmit_IT
                0x00000000080050e6       0xa0 Drivers/STM32F4xx_HAL_Driver/Src/stm32f4xx_hal_uart.o
 .text.UART_EndTransmit_IT
                0x0000000008005186       0x30 Drivers/STM32F4xx_HAL_Driver/Src/stm32f4xx_hal_uart.o
 .text.UART_Receive_IT
                0x00000000080051b6      0x12e Drivers/STM32F4xx_HAL_Driver/Src/stm32f4xx_hal_uart.o
 .text.UART_SetConfig
                0x00000000080052e4      0x390 Drivers/STM32F4xx_HAL_Driver/Src/stm32f4xx_hal_uart.o
 .text.__libc_init_array
                0x0000000008005674       0x48 c:/st/stm32cubeide_1.6.1/stm32cubeide/plugins/com.st.stm32cube.ide.mcu.externaltools.gnu-tools-for-stm32.9-2020-q2-update.win32_1.5.0.202011040924/tools/bin/../lib/gcc/arm-none-eabi/9.3.1/../../../../arm-none-eabi/lib/thumb/v7e-m+fp/hard\libc_nano.a(lib_a-init.o)
                0x0000000008005674                __libc_init_array
 .text.memcpy   0x00000000080056bc       0x1c c:/st/stm32cubeide_1.6.1/stm32cubeide/plugins/com.st.stm32cube.ide.mcu.externaltools.gnu-tools-for-stm32.9-2020-q2-update.win32_1.5.0.202011040924/tools/bin/../lib/gcc/arm-none-eabi/9.3.1/../../../../arm-none-eabi/lib/thumb/v7e-m+fp/hard\libc_nano.a(lib_a-memcpy-stub.o)
                0x00000000080056bc                memcpy
 .text.memset   0x00000000080056d8       0x10 c:/st/stm32cubeide_1.6.1/stm32cubeide/plugins/com.st.stm32cube.ide.mcu.externaltools.gnu-tools-for-stm32.9-2020-q2-update.win32_1.5.0.202011040924/tools/bin/../lib/gcc/arm-none-eabi/9.3.1/../../../../arm-none-eabi/lib/thumb/v7e-m+fp/hard\libc_nano.a(lib_a-memset.o)
                0x00000000080056d8                memset
 *(.glue_7)
 .glue_7        0x00000000080056e8        0x0 linker stubs
 *(.glue_7t)
 .glue_7t       0x00000000080056e8        0x0 linker stubs
 *(.eh_frame)
 .eh_frame      0x00000000080056e8        0x0 c:/st/stm32cubeide_1.6.1/stm32cubeide/plugins/com.st.stm32cube.ide.mcu.externaltools.gnu-tools-for-stm32.9-2020-q2-update.win32_1.5.0.202011040924/tools/bin/../lib/gcc/arm-none-eabi/9.3.1/thumb/v7e-m+fp/hard/crtbegin.o
 *(.init)
 .init          0x00000000080056e8        0x4 c:/st/stm32cubeide_1.6.1/stm32cubeide/plugins/com.st.stm32cube.ide.mcu.externaltools.gnu-tools-for-stm32.9-2020-q2-update.win32_1.5.0.202011040924/tools/bin/../lib/gcc/arm-none-eabi/9.3.1/thumb/v7e-m+fp/hard/crti.o
                0x00000000080056e8                _init
 .init          0x00000000080056ec        0x8 c:/st/stm32cubeide_1.6.1/stm32cubeide/plugins/com.st.stm32cube.ide.mcu.externaltools.gnu-tools-for-stm32.9-2020-q2-update.win32_1.5.0.202011040924/tools/bin/../lib/gcc/arm-none-eabi/9.3.1/thumb/v7e-m+fp/hard/crtn.o
 *(.fini)
 .fini          0x00000000080056f4        0x4 c:/st/stm32cubeide_1.6.1/stm32cubeide/plugins/com.st.stm32cube.ide.mcu.externaltools.gnu-tools-for-stm32.9-2020-q2-update.win32_1.5.0.202011040924/tools/bin/../lib/gcc/arm-none-eabi/9.3.1/thumb/v7e-m+fp/hard/crti.o
                0x00000000080056f4                _fini
 .fini          0x00000000080056f8        0x8 c:/st/stm32cubeide_1.6.1/stm32cubeide/plugins/com.st.stm32cube.ide.mcu.externaltools.gnu-tools-for-stm32.9-2020-q2-update.win32_1.5.0.202011040924/tools/bin/../lib/gcc/arm-none-eabi/9.3.1/thumb/v7e-m+fp/hard/crtn.o
                0x0000000008005700                . = ALIGN (0x4)
                0x0000000008005700                _etext = .

.vfp11_veneer   0x0000000008005700        0x0
 .vfp11_veneer  0x0000000008005700        0x0 linker stubs

.v4_bx          0x0000000008005700        0x0
 .v4_bx         0x0000000008005700        0x0 linker stubs

.iplt           0x0000000008005700        0x0
 .iplt          0x0000000008005700        0x0 c:/st/stm32cubeide_1.6.1/stm32cubeide/plugins/com.st.stm32cube.ide.mcu.externaltools.gnu-tools-for-stm32.9-2020-q2-update.win32_1.5.0.202011040924/tools/bin/../lib/gcc/arm-none-eabi/9.3.1/thumb/v7e-m+fp/hard/crtbegin.o

.rodata         0x0000000008005700     0x3888
                0x0000000008005700                . = ALIGN (0x4)
 *(.rodata)
 .rodata        0x0000000008005700     0x378c Core/Src/led_strip.o
 .rodata        0x0000000008008e8c       0xda Core/Src/main.o
 *(.rodata*)
 *fill*         0x0000000008008f66        0x2 
 .rodata.AHBPrescTable
                0x0000000008008f68       0x10 Core/Src/system_stm32f4xx.o
                0x0000000008008f68                AHBPrescTable
 .rodata.APBPrescTable
                0x0000000008008f78        0x8 Core/Src/system_stm32f4xx.o
                0x0000000008008f78                APBPrescTable
 .rodata.flagBitshiftOffset.8601
                0x0000000008008f80        0x8 Drivers/STM32F4xx_HAL_Driver/Src/stm32f4xx_hal_dma.o
                0x0000000008008f88                . = ALIGN (0x4)

.ARM.extab      0x0000000008008f88        0x0
                0x0000000008008f88                . = ALIGN (0x4)
 *(.ARM.extab* .gnu.linkonce.armextab.*)
                0x0000000008008f88                . = ALIGN (0x4)

.ARM            0x0000000008008f88        0x8
                0x0000000008008f88                . = ALIGN (0x4)
                0x0000000008008f88                __exidx_start = .
 *(.ARM.exidx*)
 .ARM.exidx     0x0000000008008f88        0x8 c:/st/stm32cubeide_1.6.1/stm32cubeide/plugins/com.st.stm32cube.ide.mcu.externaltools.gnu-tools-for-stm32.9-2020-q2-update.win32_1.5.0.202011040924/tools/bin/../lib/gcc/arm-none-eabi/9.3.1/thumb/v7e-m+fp/hard\libgcc.a(_udivmoddi4.o)
                0x0000000008008f90                __exidx_end = .
                0x0000000008008f90                . = ALIGN (0x4)

.rel.dyn        0x0000000008008f90        0x0
 .rel.iplt      0x0000000008008f90        0x0 c:/st/stm32cubeide_1.6.1/stm32cubeide/plugins/com.st.stm32cube.ide.mcu.externaltools.gnu-tools-for-stm32.9-2020-q2-update.win32_1.5.0.202011040924/tools/bin/../lib/gcc/arm-none-eabi/9.3.1/thumb/v7e-m+fp/hard/crtbegin.o

.preinit_array  0x0000000008008f90        0x0
                0x0000000008008f90                . = ALIGN (0x4)
                0x0000000008008f90                PROVIDE (__preinit_array_start = .)
 *(.preinit_array*)
                0x0000000008008f90                PROVIDE (__preinit_array_end = .)
                0x0000000008008f90                . = ALIGN (0x4)

.init_array     0x0000000008008f90        0x4
                0x0000000008008f90                . = ALIGN (0x4)
                0x0000000008008f90                PROVIDE (__init_array_start = .)
 *(SORT_BY_NAME(.init_array.*))
 *(.init_array*)
 .init_array    0x0000000008008f90        0x4 c:/st/stm32cubeide_1.6.1/stm32cubeide/plugins/com.st.stm32cube.ide.mcu.externaltools.gnu-tools-for-stm32.9-2020-q2-update.win32_1.5.0.202011040924/tools/bin/../lib/gcc/arm-none-eabi/9.3.1/thumb/v7e-m+fp/hard/crtbegin.o
                0x0000000008008f94                PROVIDE (__init_array_end = .)
                0x0000000008008f94                . = ALIGN (0x4)

.fini_array     0x0000000008008f94        0x4
                0x0000000008008f94                . = ALIGN (0x4)
                [!provide]                        PROVIDE (__fini_array_start = .)
 *(SORT_BY_NAME(.fini_array.*))
 *(.fini_array*)
 .fini_array    0x0000000008008f94        0x4 c:/st/stm32cubeide_1.6.1/stm32cubeide/plugins/com.st.stm32cube.ide.mcu.externaltools.gnu-tools-for-stm32.9-2020-q2-update.win32_1.5.0.202011040924/tools/bin/../lib/gcc/arm-none-eabi/9.3.1/thumb/v7e-m+fp/hard/crtbegin.o
                [!provide]                        PROVIDE (__fini_array_end = .)
                0x0000000008008f98                . = ALIGN (0x4)
                0x0000000008008f98                _sidata = LOADADDR (.data)

.data           0x0000000020000000        0xc load address 0x0000000008008f98
                0x0000000020000000                . = ALIGN (0x4)
                0x0000000020000000                _sdata = .
 *(.data)
 *(.data*)
 .data.SystemCoreClock
                0x0000000020000000        0x4 Core/Src/system_stm32f4xx.o
                0x0000000020000000                SystemCoreClock
 .data.uwTickPrio
                0x0000000020000004        0x4 Drivers/STM32F4xx_HAL_Driver/Src/stm32f4xx_hal.o
                0x0000000020000004                uwTickPrio
 .data.uwTickFreq
                0x0000000020000008        0x1 Drivers/STM32F4xx_HAL_Driver/Src/stm32f4xx_hal.o
                0x0000000020000008                uwTickFreq
 *(.RamFunc)
 *(.RamFunc*)
                0x000000002000000c                . = ALIGN (0x4)
 *fill*         0x0000000020000009        0x3 
                0x000000002000000c                _edata = .

.igot.plt       0x000000002000000c        0x0 load address 0x0000000008008fa4
 .igot.plt      0x000000002000000c        0x0 c:/st/stm32cubeide_1.6.1/stm32cubeide/plugins/com.st.stm32cube.ide.mcu.externaltools.gnu-tools-for-stm32.9-2020-q2-update.win32_1.5.0.202011040924/tools/bin/../lib/gcc/arm-none-eabi/9.3.1/thumb/v7e-m+fp/hard/crtbegin.o
                0x000000002000000c                . = ALIGN (0x4)

.bss            0x000000002000000c      0x164 load address 0x0000000008008fa4
                0x000000002000000c                _sbss = .
                0x000000002000000c                __bss_start__ = _sbss
 *(.bss)
 .bss           0x000000002000000c       0x1c c:/st/stm32cubeide_1.6.1/stm32cubeide/plugins/com.st.stm32cube.ide.mcu.externaltools.gnu-tools-for-stm32.9-2020-q2-update.win32_1.5.0.202011040924/tools/bin/../lib/gcc/arm-none-eabi/9.3.1/thumb/v7e-m+fp/hard/crtbegin.o
 *(.bss*)
 .bss.hadc1     0x0000000020000028       0x48 Core/Src/main.o
                0x0000000020000028                hadc1
 .bss.htim1     0x0000000020000070       0x48 Core/Src/main.o
                0x0000000020000070                htim1
 .bss.hdma_tim1_ch1
                0x00000000200000b8       0x60 Core/Src/main.o
                0x00000000200000b8                hdma_tim1_ch1
 .bss.huart1    0x0000000020000118       0x44 Core/Src/main.o
                0x0000000020000118                huart1
 .bss.my_strip  0x000000002000015c        0x4 Core/Src/main.o
                0x000000002000015c                my_strip
 .bss.rx_data   0x0000000020000160        0x6 Core/Src/main.o
                0x0000000020000160                rx_data
 .bss.ldr_data  0x0000000020000166        0x1 Core/Src/main.o
                0x0000000020000166                ldr_data
 .bss.auto_brightness
                0x0000000020000167        0x1 Core/Src/main.o
                0x0000000020000167                auto_brightness
 .bss.sent_flag
                0x0000000020000168        0x1 Core/Src/main.o
                0x0000000020000168                sent_flag
 *(COMMON)
 *fill*         0x0000000020000169        0x3 
 COMMON         0x000000002000016c        0x4 Drivers/STM32F4xx_HAL_Driver/Src/stm32f4xx_hal.o
                0x000000002000016c                uwTick
                0x0000000020000170                . = ALIGN (0x4)
                0x0000000020000170                _ebss = .
                0x0000000020000170                __bss_end__ = _ebss

._user_heap_stack
                0x0000000020000170      0x600 load address 0x0000000008008fa4
                0x0000000020000170                . = ALIGN (0x8)
                [!provide]                        PROVIDE (end = .)
                0x0000000020000170                PROVIDE (_end = .)
                0x0000000020000370                . = (. + _Min_Heap_Size)
 *fill*         0x0000000020000170      0x200 
                0x0000000020000770                . = (. + _Min_Stack_Size)
 *fill*         0x0000000020000370      0x400 
                0x0000000020000770                . = ALIGN (0x8)

/DISCARD/
 libc.a(*)
 libm.a(*)
 libgcc.a(*)

.ARM.attributes
                0x0000000000000000       0x30
 *(.ARM.attributes)
 .ARM.attributes
                0x0000000000000000       0x1e c:/st/stm32cubeide_1.6.1/stm32cubeide/plugins/com.st.stm32cube.ide.mcu.externaltools.gnu-tools-for-stm32.9-2020-q2-update.win32_1.5.0.202011040924/tools/bin/../lib/gcc/arm-none-eabi/9.3.1/thumb/v7e-m+fp/hard/crti.o
 .ARM.attributes
                0x000000000000001e       0x34 c:/st/stm32cubeide_1.6.1/stm32cubeide/plugins/com.st.stm32cube.ide.mcu.externaltools.gnu-tools-for-stm32.9-2020-q2-update.win32_1.5.0.202011040924/tools/bin/../lib/gcc/arm-none-eabi/9.3.1/thumb/v7e-m+fp/hard/crtbegin.o
 .ARM.attributes
                0x0000000000000052       0x34 Core/Src/led_strip.o
 .ARM.attributes
                0x0000000000000086       0x34 Core/Src/main.o
 .ARM.attributes
                0x00000000000000ba       0x34 Core/Src/stm32f4xx_hal_msp.o
 .ARM.attributes
                0x00000000000000ee       0x34 Core/Src/stm32f4xx_it.o
 .ARM.attributes
                0x0000000000000122       0x34 Core/Src/system_stm32f4xx.o
 .ARM.attributes
                0x0000000000000156       0x21 Core/Startup/startup_stm32f411retx.o
 .ARM.attributes
                0x0000000000000177       0x34 Drivers/STM32F4xx_HAL_Driver/Src/stm32f4xx_hal.o
 .ARM.attributes
                0x00000000000001ab       0x34 Drivers/STM32F4xx_HAL_Driver/Src/stm32f4xx_hal_adc.o
 .ARM.attributes
                0x00000000000001df       0x34 Drivers/STM32F4xx_HAL_Driver/Src/stm32f4xx_hal_cortex.o
 .ARM.attributes
                0x0000000000000213       0x34 Drivers/STM32F4xx_HAL_Driver/Src/stm32f4xx_hal_dma.o
 .ARM.attributes
                0x0000000000000247       0x34 Drivers/STM32F4xx_HAL_Driver/Src/stm32f4xx_hal_gpio.o
 .ARM.attributes
                0x000000000000027b       0x34 Drivers/STM32F4xx_HAL_Driver/Src/stm32f4xx_hal_rcc.o
 .ARM.attributes
                0x00000000000002af       0x34 Drivers/STM32F4xx_HAL_Driver/Src/stm32f4xx_hal_tim.o
 .ARM.attributes
                0x00000000000002e3       0x34 Drivers/STM32F4xx_HAL_Driver/Src/stm32f4xx_hal_tim_ex.o
 .ARM.attributes
                0x0000000000000317       0x34 Drivers/STM32F4xx_HAL_Driver/Src/stm32f4xx_hal_uart.o
 .ARM.attributes
                0x000000000000034b       0x34 c:/st/stm32cubeide_1.6.1/stm32cubeide/plugins/com.st.stm32cube.ide.mcu.externaltools.gnu-tools-for-stm32.9-2020-q2-update.win32_1.5.0.202011040924/tools/bin/../lib/gcc/arm-none-eabi/9.3.1/../../../../arm-none-eabi/lib/thumb/v7e-m+fp/hard\libc_nano.a(lib_a-init.o)
 .ARM.attributes
                0x000000000000037f       0x34 c:/st/stm32cubeide_1.6.1/stm32cubeide/plugins/com.st.stm32cube.ide.mcu.externaltools.gnu-tools-for-stm32.9-2020-q2-update.win32_1.5.0.202011040924/tools/bin/../lib/gcc/arm-none-eabi/9.3.1/../../../../arm-none-eabi/lib/thumb/v7e-m+fp/hard\libc_nano.a(lib_a-memcpy-stub.o)
 .ARM.attributes
                0x00000000000003b3       0x34 c:/st/stm32cubeide_1.6.1/stm32cubeide/plugins/com.st.stm32cube.ide.mcu.externaltools.gnu-tools-for-stm32.9-2020-q2-update.win32_1.5.0.202011040924/tools/bin/../lib/gcc/arm-none-eabi/9.3.1/../../../../arm-none-eabi/lib/thumb/v7e-m+fp/hard\libc_nano.a(lib_a-memset.o)
 .ARM.attributes
                0x00000000000003e7       0x1e c:/st/stm32cubeide_1.6.1/stm32cubeide/plugins/com.st.stm32cube.ide.mcu.externaltools.gnu-tools-for-stm32.9-2020-q2-update.win32_1.5.0.202011040924/tools/bin/../lib/gcc/arm-none-eabi/9.3.1/thumb/v7e-m+fp/hard\libgcc.a(_aeabi_uldivmod.o)
 .ARM.attributes
                0x0000000000000405       0x34 c:/st/stm32cubeide_1.6.1/stm32cubeide/plugins/com.st.stm32cube.ide.mcu.externaltools.gnu-tools-for-stm32.9-2020-q2-update.win32_1.5.0.202011040924/tools/bin/../lib/gcc/arm-none-eabi/9.3.1/thumb/v7e-m+fp/hard\libgcc.a(_udivmoddi4.o)
 .ARM.attributes
                0x0000000000000439       0x1e c:/st/stm32cubeide_1.6.1/stm32cubeide/plugins/com.st.stm32cube.ide.mcu.externaltools.gnu-tools-for-stm32.9-2020-q2-update.win32_1.5.0.202011040924/tools/bin/../lib/gcc/arm-none-eabi/9.3.1/thumb/v7e-m+fp/hard\libgcc.a(_dvmd_tls.o)
 .ARM.attributes
                0x0000000000000457       0x1e c:/st/stm32cubeide_1.6.1/stm32cubeide/plugins/com.st.stm32cube.ide.mcu.externaltools.gnu-tools-for-stm32.9-2020-q2-update.win32_1.5.0.202011040924/tools/bin/../lib/gcc/arm-none-eabi/9.3.1/thumb/v7e-m+fp/hard/crtn.o
OUTPUT(Pixelstick.elf elf32-littlearm)
LOAD linker stubs
LOAD c:/st/stm32cubeide_1.6.1/stm32cubeide/plugins/com.st.stm32cube.ide.mcu.externaltools.gnu-tools-for-stm32.9-2020-q2-update.win32_1.5.0.202011040924/tools/bin/../lib/gcc/arm-none-eabi/9.3.1/../../../../arm-none-eabi/lib/thumb/v7e-m+fp/hard\libc.a
LOAD c:/st/stm32cubeide_1.6.1/stm32cubeide/plugins/com.st.stm32cube.ide.mcu.externaltools.gnu-tools-for-stm32.9-2020-q2-update.win32_1.5.0.202011040924/tools/bin/../lib/gcc/arm-none-eabi/9.3.1/../../../../arm-none-eabi/lib/thumb/v7e-m+fp/hard\libm.a
LOAD c:/st/stm32cubeide_1.6.1/stm32cubeide/plugins/com.st.stm32cube.ide.mcu.externaltools.gnu-tools-for-stm32.9-2020-q2-update.win32_1.5.0.202011040924/tools/bin/../lib/gcc/arm-none-eabi/9.3.1/thumb/v7e-m+fp/hard\libgcc.a

.debug_info     0x0000000000000000     0xea5d
 .debug_info    0x0000000000000000     0x1787 Core/Src/led_strip.o
 .debug_info    0x0000000000001787     0x1b95 Core/Src/main.o
 .debug_info    0x000000000000331c     0x12e5 Core/Src/stm32f4xx_hal_msp.o
 .debug_info    0x0000000000004601      0x723 Core/Src/stm32f4xx_it.o
 .debug_info    0x0000000000004d24      0x5d0 Core/Src/system_stm32f4xx.o
 .debug_info    0x00000000000052f4       0x22 Core/Startup/startup_stm32f411retx.o
 .debug_info    0x0000000000005316      0x944 Drivers/STM32F4xx_HAL_Driver/Src/stm32f4xx_hal.o
 .debug_info    0x0000000000005c5a      0xdb4 Drivers/STM32F4xx_HAL_Driver/Src/stm32f4xx_hal_adc.o
 .debug_info    0x0000000000006a0e      0xe47 Drivers/STM32F4xx_HAL_Driver/Src/stm32f4xx_hal_cortex.o
 .debug_info    0x0000000000007855      0x9e9 Drivers/STM32F4xx_HAL_Driver/Src/stm32f4xx_hal_dma.o
 .debug_info    0x000000000000823e      0x862 Drivers/STM32F4xx_HAL_Driver/Src/stm32f4xx_hal_gpio.o
 .debug_info    0x0000000000008aa0      0x9be Drivers/STM32F4xx_HAL_Driver/Src/stm32f4xx_hal_rcc.o
 .debug_info    0x000000000000945e     0x2a88 Drivers/STM32F4xx_HAL_Driver/Src/stm32f4xx_hal_tim.o
 .debug_info    0x000000000000bee6     0x151a Drivers/STM32F4xx_HAL_Driver/Src/stm32f4xx_hal_tim_ex.o
 .debug_info    0x000000000000d400     0x165d Drivers/STM32F4xx_HAL_Driver/Src/stm32f4xx_hal_uart.o

.debug_abbrev   0x0000000000000000     0x20cf
 .debug_abbrev  0x0000000000000000      0x389 Core/Src/led_strip.o
 .debug_abbrev  0x0000000000000389      0x32b Core/Src/main.o
 .debug_abbrev  0x00000000000006b4      0x206 Core/Src/stm32f4xx_hal_msp.o
 .debug_abbrev  0x00000000000008ba      0x174 Core/Src/stm32f4xx_it.o
 .debug_abbrev  0x0000000000000a2e      0x145 Core/Src/system_stm32f4xx.o
 .debug_abbrev  0x0000000000000b73       0x12 Core/Startup/startup_stm32f411retx.o
 .debug_abbrev  0x0000000000000b85      0x21e Drivers/STM32F4xx_HAL_Driver/Src/stm32f4xx_hal.o
 .debug_abbrev  0x0000000000000da3      0x1ef Drivers/STM32F4xx_HAL_Driver/Src/stm32f4xx_hal_adc.o
 .debug_abbrev  0x0000000000000f92      0x33c Drivers/STM32F4xx_HAL_Driver/Src/stm32f4xx_hal_cortex.o
 .debug_abbrev  0x00000000000012ce      0x219 Drivers/STM32F4xx_HAL_Driver/Src/stm32f4xx_hal_dma.o
 .debug_abbrev  0x00000000000014e7      0x1f1 Drivers/STM32F4xx_HAL_Driver/Src/stm32f4xx_hal_gpio.o
 .debug_abbrev  0x00000000000016d8      0x275 Drivers/STM32F4xx_HAL_Driver/Src/stm32f4xx_hal_rcc.o
 .debug_abbrev  0x000000000000194d      0x26f Drivers/STM32F4xx_HAL_Driver/Src/stm32f4xx_hal_tim.o
 .debug_abbrev  0x0000000000001bbc      0x277 Drivers/STM32F4xx_HAL_Driver/Src/stm32f4xx_hal_tim_ex.o
 .debug_abbrev  0x0000000000001e33      0x29c Drivers/STM32F4xx_HAL_Driver/Src/stm32f4xx_hal_uart.o

.debug_aranges  0x0000000000000000      0xda0
 .debug_aranges
                0x0000000000000000       0x80 Core/Src/led_strip.o
 .debug_aranges
                0x0000000000000080       0x70 Core/Src/main.o
 .debug_aranges
                0x00000000000000f0       0x58 Core/Src/stm32f4xx_hal_msp.o
 .debug_aranges
                0x0000000000000148       0x70 Core/Src/stm32f4xx_it.o
 .debug_aranges
                0x00000000000001b8       0x28 Core/Src/system_stm32f4xx.o
 .debug_aranges
                0x00000000000001e0       0x28 Core/Startup/startup_stm32f411retx.o
 .debug_aranges
                0x0000000000000208       0xf0 Drivers/STM32F4xx_HAL_Driver/Src/stm32f4xx_hal.o
 .debug_aranges
                0x00000000000002f8       0xe8 Drivers/STM32F4xx_HAL_Driver/Src/stm32f4xx_hal_adc.o
 .debug_aranges
                0x00000000000003e0      0x118 Drivers/STM32F4xx_HAL_Driver/Src/stm32f4xx_hal_cortex.o
 .debug_aranges
                0x00000000000004f8       0x90 Drivers/STM32F4xx_HAL_Driver/Src/stm32f4xx_hal_dma.o
 .debug_aranges
                0x0000000000000588       0x58 Drivers/STM32F4xx_HAL_Driver/Src/stm32f4xx_hal_gpio.o
 .debug_aranges
                0x00000000000005e0       0x88 Drivers/STM32F4xx_HAL_Driver/Src/stm32f4xx_hal_rcc.o
 .debug_aranges
                0x0000000000000668      0x3d0 Drivers/STM32F4xx_HAL_Driver/Src/stm32f4xx_hal_tim.o
 .debug_aranges
                0x0000000000000a38      0x168 Drivers/STM32F4xx_HAL_Driver/Src/stm32f4xx_hal_tim_ex.o
 .debug_aranges
                0x0000000000000ba0      0x200 Drivers/STM32F4xx_HAL_Driver/Src/stm32f4xx_hal_uart.o

.debug_ranges   0x0000000000000000      0xce8
 .debug_ranges  0x0000000000000000       0x70 Core/Src/led_strip.o
 .debug_ranges  0x0000000000000070       0x60 Core/Src/main.o
 .debug_ranges  0x00000000000000d0       0x48 Core/Src/stm32f4xx_hal_msp.o
 .debug_ranges  0x0000000000000118       0x60 Core/Src/stm32f4xx_it.o
 .debug_ranges  0x0000000000000178       0x18 Core/Src/system_stm32f4xx.o
 .debug_ranges  0x0000000000000190       0x20 Core/Startup/startup_stm32f411retx.o
 .debug_ranges  0x00000000000001b0       0xe0 Drivers/STM32F4xx_HAL_Driver/Src/stm32f4xx_hal.o
 .debug_ranges  0x0000000000000290       0xd8 Drivers/STM32F4xx_HAL_Driver/Src/stm32f4xx_hal_adc.o
 .debug_ranges  0x0000000000000368      0x108 Drivers/STM32F4xx_HAL_Driver/Src/stm32f4xx_hal_cortex.o
 .debug_ranges  0x0000000000000470       0x80 Drivers/STM32F4xx_HAL_Driver/Src/stm32f4xx_hal_dma.o
 .debug_ranges  0x00000000000004f0       0x48 Drivers/STM32F4xx_HAL_Driver/Src/stm32f4xx_hal_gpio.o
 .debug_ranges  0x0000000000000538       0x78 Drivers/STM32F4xx_HAL_Driver/Src/stm32f4xx_hal_rcc.o
 .debug_ranges  0x00000000000005b0      0x3c0 Drivers/STM32F4xx_HAL_Driver/Src/stm32f4xx_hal_tim.o
 .debug_ranges  0x0000000000000970      0x158 Drivers/STM32F4xx_HAL_Driver/Src/stm32f4xx_hal_tim_ex.o
 .debug_ranges  0x0000000000000ac8      0x220 Drivers/STM32F4xx_HAL_Driver/Src/stm32f4xx_hal_uart.o

.debug_macro    0x0000000000000000    0x19ac8
 .debug_macro   0x0000000000000000      0x2fe Core/Src/led_strip.o
 .debug_macro   0x00000000000002fe      0xb80 Core/Src/led_strip.o
 .debug_macro   0x0000000000000e7e      0x17c Core/Src/led_strip.o
 .debug_macro   0x0000000000000ffa       0x10 Core/Src/led_strip.o
 .debug_macro   0x000000000000100a      0x41e Core/Src/led_strip.o
 .debug_macro   0x0000000000001428       0x22 Core/Src/led_strip.o
 .debug_macro   0x000000000000144a       0x4c Core/Src/led_strip.o
 .debug_macro   0x0000000000001496       0x18 Core/Src/led_strip.o
 .debug_macro   0x00000000000014ae       0x94 Core/Src/led_strip.o
 .debug_macro   0x0000000000001542       0x3c Core/Src/led_strip.o
 .debug_macro   0x000000000000157e       0x34 Core/Src/led_strip.o
 .debug_macro   0x00000000000015b2      0x17b Core/Src/led_strip.o
 .debug_macro   0x000000000000172d       0x16 Core/Src/led_strip.o
 .debug_macro   0x0000000000001743       0x43 Core/Src/led_strip.o
 .debug_macro   0x0000000000001786       0x57 Core/Src/led_strip.o
 .debug_macro   0x00000000000017dd       0x34 Core/Src/led_strip.o
 .debug_macro   0x0000000000001811       0x10 Core/Src/led_strip.o
 .debug_macro   0x0000000000001821       0x58 Core/Src/led_strip.o
 .debug_macro   0x0000000000001879       0x71 Core/Src/led_strip.o
 .debug_macro   0x00000000000018ea       0x16 Core/Src/led_strip.o
 .debug_macro   0x0000000000001900      0x12a Core/Src/led_strip.o
 .debug_macro   0x0000000000001a2a      0x35c Core/Src/led_strip.o
 .debug_macro   0x0000000000001d86       0x10 Core/Src/led_strip.o
 .debug_macro   0x0000000000001d96       0x35 Core/Src/led_strip.o
 .debug_macro   0x0000000000001dcb       0x20 Core/Src/led_strip.o
 .debug_macro   0x0000000000001deb       0x8e Core/Src/led_strip.o
 .debug_macro   0x0000000000001e79      0x2a1 Core/Src/led_strip.o
 .debug_macro   0x000000000000211a       0x2e Core/Src/led_strip.o
 .debug_macro   0x0000000000002148       0x28 Core/Src/led_strip.o
 .debug_macro   0x0000000000002170       0x1c Core/Src/led_strip.o
 .debug_macro   0x000000000000218c      0x103 Core/Src/led_strip.o
 .debug_macro   0x000000000000228f       0x6a Core/Src/led_strip.o
 .debug_macro   0x00000000000022f9      0x1df Core/Src/led_strip.o
 .debug_macro   0x00000000000024d8       0x1c Core/Src/led_strip.o
 .debug_macro   0x00000000000024f4       0x22 Core/Src/led_strip.o
 .debug_macro   0x0000000000002516       0xd9 Core/Src/led_strip.o
 .debug_macro   0x00000000000025ef     0x102d Core/Src/led_strip.o
 .debug_macro   0x000000000000361c      0x11f Core/Src/led_strip.o
 .debug_macro   0x000000000000373b     0xb937 Core/Src/led_strip.o
 .debug_macro   0x000000000000f072       0x43 Core/Src/led_strip.o
 .debug_macro   0x000000000000f0b5     0x3659 Core/Src/led_strip.o
 .debug_macro   0x000000000001270e       0x56 Core/Src/led_strip.o
 .debug_macro   0x0000000000012764      0x447 Core/Src/led_strip.o
 .debug_macro   0x0000000000012bab      0x9fe Core/Src/led_strip.o
 .debug_macro   0x00000000000135a9      0x117 Core/Src/led_strip.o
 .debug_macro   0x00000000000136c0      0x11b Core/Src/led_strip.o
 .debug_macro   0x00000000000137db       0x82 Core/Src/led_strip.o
 .debug_macro   0x000000000001385d      0x15f Core/Src/led_strip.o
 .debug_macro   0x00000000000139bc      0x287 Core/Src/led_strip.o
 .debug_macro   0x0000000000013c43       0x5f Core/Src/led_strip.o
 .debug_macro   0x0000000000013ca2      0x236 Core/Src/led_strip.o
 .debug_macro   0x0000000000013ed8      0x9e1 Core/Src/led_strip.o
 .debug_macro   0x00000000000148b9      0x38b Core/Src/led_strip.o
 .debug_macro   0x0000000000014c44      0x17d Core/Src/led_strip.o
 .debug_macro   0x0000000000014dc1       0xf9 Core/Src/led_strip.o
 .debug_macro   0x0000000000014eba      0x132 Core/Src/led_strip.o
 .debug_macro   0x0000000000014fec      0x264 Core/Src/led_strip.o
 .debug_macro   0x0000000000015250       0x2e Core/Src/led_strip.o
 .debug_macro   0x000000000001527e      0x11a Core/Src/led_strip.o
 .debug_macro   0x0000000000015398       0x85 Core/Src/led_strip.o
 .debug_macro   0x000000000001541d       0x89 Core/Src/led_strip.o
 .debug_macro   0x00000000000154a6      0x8d1 Core/Src/led_strip.o
 .debug_macro   0x0000000000015d77       0x47 Core/Src/led_strip.o
 .debug_macro   0x0000000000015dbe      0x295 Core/Src/led_strip.o
 .debug_macro   0x0000000000016053      0x126 Core/Src/led_strip.o
 .debug_macro   0x0000000000016179       0x28 Core/Src/led_strip.o
 .debug_macro   0x00000000000161a1      0x213 Core/Src/main.o
 .debug_macro   0x00000000000163b4       0x8e Core/Src/main.o
 .debug_macro   0x0000000000016442       0x51 Core/Src/main.o
 .debug_macro   0x0000000000016493       0xdf Core/Src/main.o
 .debug_macro   0x0000000000016572       0x5c Core/Src/main.o
 .debug_macro   0x00000000000165ce       0x40 Core/Src/main.o
 .debug_macro   0x000000000001660e       0x2e Core/Src/main.o
 .debug_macro   0x000000000001663c      0x205 Core/Src/stm32f4xx_hal_msp.o
 .debug_macro   0x0000000000016841      0xaa8 Core/Src/stm32f4xx_hal_msp.o
 .debug_macro   0x00000000000172e9     0x102d Core/Src/stm32f4xx_hal_msp.o
 .debug_macro   0x0000000000018316      0x174 Core/Src/stm32f4xx_hal_msp.o
 .debug_macro   0x000000000001848a      0x20f Core/Src/stm32f4xx_it.o
 .debug_macro   0x0000000000018699      0x1f6 Core/Src/system_stm32f4xx.o
 .debug_macro   0x000000000001888f      0x256 Drivers/STM32F4xx_HAL_Driver/Src/stm32f4xx_hal.o
 .debug_macro   0x0000000000018ae5      0x1f7 Drivers/STM32F4xx_HAL_Driver/Src/stm32f4xx_hal_adc.o
 .debug_macro   0x0000000000018cdc      0x1f6 Drivers/STM32F4xx_HAL_Driver/Src/stm32f4xx_hal_cortex.o
 .debug_macro   0x0000000000018ed2      0x1fc Drivers/STM32F4xx_HAL_Driver/Src/stm32f4xx_hal_dma.o
 .debug_macro   0x00000000000190ce      0x1fc Drivers/STM32F4xx_HAL_Driver/Src/stm32f4xx_hal_gpio.o
 .debug_macro   0x00000000000192ca      0x21a Drivers/STM32F4xx_HAL_Driver/Src/stm32f4xx_hal_rcc.o
 .debug_macro   0x00000000000194e4      0x1f7 Drivers/STM32F4xx_HAL_Driver/Src/stm32f4xx_hal_tim.o
 .debug_macro   0x00000000000196db      0x1f6 Drivers/STM32F4xx_HAL_Driver/Src/stm32f4xx_hal_tim_ex.o
 .debug_macro   0x00000000000198d1      0x1f7 Drivers/STM32F4xx_HAL_Driver/Src/stm32f4xx_hal_uart.o

.debug_line     0x0000000000000000     0xe974
 .debug_line    0x0000000000000000      0xe71 Core/Src/led_strip.o
 .debug_line    0x0000000000000e71      0xa53 Core/Src/main.o
 .debug_line    0x00000000000018c4      0x834 Core/Src/stm32f4xx_hal_msp.o
 .debug_line    0x00000000000020f8      0x800 Core/Src/stm32f4xx_it.o
 .debug_line    0x00000000000028f8      0x78f Core/Src/system_stm32f4xx.o
 .debug_line    0x0000000000003087       0x88 Core/Startup/startup_stm32f411retx.o
 .debug_line    0x000000000000310f      0x9f5 Drivers/STM32F4xx_HAL_Driver/Src/stm32f4xx_hal.o
 .debug_line    0x0000000000003b04     0x11b9 Drivers/STM32F4xx_HAL_Driver/Src/stm32f4xx_hal_adc.o
 .debug_line    0x0000000000004cbd      0xca4 Drivers/STM32F4xx_HAL_Driver/Src/stm32f4xx_hal_cortex.o
 .debug_line    0x0000000000005961      0xf5e Drivers/STM32F4xx_HAL_Driver/Src/stm32f4xx_hal_dma.o
 .debug_line    0x00000000000068bf      0xb31 Drivers/STM32F4xx_HAL_Driver/Src/stm32f4xx_hal_gpio.o
 .debug_line    0x00000000000073f0      0xd71 Drivers/STM32F4xx_HAL_Driver/Src/stm32f4xx_hal_rcc.o
 .debug_line    0x0000000000008161     0x33fb Drivers/STM32F4xx_HAL_Driver/Src/stm32f4xx_hal_tim.o
 .debug_line    0x000000000000b55c     0x195d Drivers/STM32F4xx_HAL_Driver/Src/stm32f4xx_hal_tim_ex.o
 .debug_line    0x000000000000ceb9     0x1abb Drivers/STM32F4xx_HAL_Driver/Src/stm32f4xx_hal_uart.o

.debug_str      0x0000000000000000    0x9aaf6
 .debug_str     0x0000000000000000    0x96ead Core/Src/led_strip.o
                                      0x9737d (size before relaxing)
 .debug_str     0x0000000000096ead      0xdff Core/Src/main.o
                                      0x93866 (size before relaxing)
 .debug_str     0x0000000000097cac      0x278 Core/Src/stm32f4xx_hal_msp.o
                                      0x92a70 (size before relaxing)
 .debug_str     0x0000000000097f24       0xe7 Core/Src/stm32f4xx_it.o
                                      0x920fe (size before relaxing)
 .debug_str     0x000000000009800b       0xaf Core/Src/system_stm32f4xx.o
                                      0x91ca7 (size before relaxing)
 .debug_str     0x00000000000980ba       0x36 Core/Startup/startup_stm32f411retx.o
                                         0x53 (size before relaxing)
 .debug_str     0x00000000000980f0      0x57b Drivers/STM32F4xx_HAL_Driver/Src/stm32f4xx_hal.o
                                      0x92631 (size before relaxing)
 .debug_str     0x000000000009866b      0x29d Drivers/STM32F4xx_HAL_Driver/Src/stm32f4xx_hal_adc.o
                                      0x92241 (size before relaxing)
 .debug_str     0x0000000000098908      0x388 Drivers/STM32F4xx_HAL_Driver/Src/stm32f4xx_hal_cortex.o
                                      0x9240e (size before relaxing)
 .debug_str     0x0000000000098c90      0x31d Drivers/STM32F4xx_HAL_Driver/Src/stm32f4xx_hal_dma.o
                                      0x920bf (size before relaxing)
 .debug_str     0x0000000000098fad      0x176 Drivers/STM32F4xx_HAL_Driver/Src/stm32f4xx_hal_gpio.o
                                      0x91e4e (size before relaxing)
 .debug_str     0x0000000000099123      0x24e Drivers/STM32F4xx_HAL_Driver/Src/stm32f4xx_hal_rcc.o
                                      0x920a9 (size before relaxing)
 .debug_str     0x0000000000099371      0xd56 Drivers/STM32F4xx_HAL_Driver/Src/stm32f4xx_hal_tim.o
                                      0x92fbd (size before relaxing)
 .debug_str     0x000000000009a0c7      0x45a Drivers/STM32F4xx_HAL_Driver/Src/stm32f4xx_hal_tim_ex.o
                                      0x9276e (size before relaxing)
 .debug_str     0x000000000009a521      0x5d5 Drivers/STM32F4xx_HAL_Driver/Src/stm32f4xx_hal_uart.o
                                      0x925f9 (size before relaxing)

.comment        0x0000000000000000       0x53
 .comment       0x0000000000000000       0x53 Core/Src/led_strip.o
                                         0x54 (size before relaxing)
 .comment       0x0000000000000053       0x54 Core/Src/main.o
 .comment       0x0000000000000053       0x54 Core/Src/stm32f4xx_hal_msp.o
 .comment       0x0000000000000053       0x54 Core/Src/stm32f4xx_it.o
 .comment       0x0000000000000053       0x54 Core/Src/system_stm32f4xx.o
 .comment       0x0000000000000053       0x54 Drivers/STM32F4xx_HAL_Driver/Src/stm32f4xx_hal.o
 .comment       0x0000000000000053       0x54 Drivers/STM32F4xx_HAL_Driver/Src/stm32f4xx_hal_adc.o
 .comment       0x0000000000000053       0x54 Drivers/STM32F4xx_HAL_Driver/Src/stm32f4xx_hal_cortex.o
 .comment       0x0000000000000053       0x54 Drivers/STM32F4xx_HAL_Driver/Src/stm32f4xx_hal_dma.o
 .comment       0x0000000000000053       0x54 Drivers/STM32F4xx_HAL_Driver/Src/stm32f4xx_hal_gpio.o
 .comment       0x0000000000000053       0x54 Drivers/STM32F4xx_HAL_Driver/Src/stm32f4xx_hal_rcc.o
 .comment       0x0000000000000053       0x54 Drivers/STM32F4xx_HAL_Driver/Src/stm32f4xx_hal_tim.o
 .comment       0x0000000000000053       0x54 Drivers/STM32F4xx_HAL_Driver/Src/stm32f4xx_hal_tim_ex.o
 .comment       0x0000000000000053       0x54 Drivers/STM32F4xx_HAL_Driver/Src/stm32f4xx_hal_uart.o

.debug_frame    0x0000000000000000     0x39d4
 .debug_frame   0x0000000000000000      0x200 Core/Src/led_strip.o
 .debug_frame   0x0000000000000200      0x190 Core/Src/main.o
 .debug_frame   0x0000000000000390      0x130 Core/Src/stm32f4xx_hal_msp.o
 .debug_frame   0x00000000000004c0      0x13c Core/Src/stm32f4xx_it.o
 .debug_frame   0x00000000000005fc       0x58 Core/Src/system_stm32f4xx.o
 .debug_frame   0x0000000000000654      0x374 Drivers/STM32F4xx_HAL_Driver/Src/stm32f4xx_hal.o
 .debug_frame   0x00000000000009c8      0x3fc Drivers/STM32F4xx_HAL_Driver/Src/stm32f4xx_hal_adc.o
 .debug_frame   0x0000000000000dc4      0x498 Drivers/STM32F4xx_HAL_Driver/Src/stm32f4xx_hal_cortex.o
 .debug_frame   0x000000000000125c      0x250 Drivers/STM32F4xx_HAL_Driver/Src/stm32f4xx_hal_dma.o
 .debug_frame   0x00000000000014ac      0x14c Drivers/STM32F4xx_HAL_Driver/Src/stm32f4xx_hal_gpio.o
 .debug_frame   0x00000000000015f8      0x1f0 Drivers/STM32F4xx_HAL_Driver/Src/stm32f4xx_hal_rcc.o
 .debug_frame   0x00000000000017e8     0x11bc Drivers/STM32F4xx_HAL_Driver/Src/stm32f4xx_hal_tim.o
 .debug_frame   0x00000000000029a4      0x638 Drivers/STM32F4xx_HAL_Driver/Src/stm32f4xx_hal_tim_ex.o
 .debug_frame   0x0000000000002fdc      0x924 Drivers/STM32F4xx_HAL_Driver/Src/stm32f4xx_hal_uart.o
 .debug_frame   0x0000000000003900       0x2c c:/st/stm32cubeide_1.6.1/stm32cubeide/plugins/com.st.stm32cube.ide.mcu.externaltools.gnu-tools-for-stm32.9-2020-q2-update.win32_1.5.0.202011040924/tools/bin/../lib/gcc/arm-none-eabi/9.3.1/../../../../arm-none-eabi/lib/thumb/v7e-m+fp/hard\libc_nano.a(lib_a-init.o)
 .debug_frame   0x000000000000392c       0x28 c:/st/stm32cubeide_1.6.1/stm32cubeide/plugins/com.st.stm32cube.ide.mcu.externaltools.gnu-tools-for-stm32.9-2020-q2-update.win32_1.5.0.202011040924/tools/bin/../lib/gcc/arm-none-eabi/9.3.1/../../../../arm-none-eabi/lib/thumb/v7e-m+fp/hard\libc_nano.a(lib_a-memcpy-stub.o)
 .debug_frame   0x0000000000003954       0x20 c:/st/stm32cubeide_1.6.1/stm32cubeide/plugins/com.st.stm32cube.ide.mcu.externaltools.gnu-tools-for-stm32.9-2020-q2-update.win32_1.5.0.202011040924/tools/bin/../lib/gcc/arm-none-eabi/9.3.1/../../../../arm-none-eabi/lib/thumb/v7e-m+fp/hard\libc_nano.a(lib_a-memset.o)
 .debug_frame   0x0000000000003974       0x2c c:/st/stm32cubeide_1.6.1/stm32cubeide/plugins/com.st.stm32cube.ide.mcu.externaltools.gnu-tools-for-stm32.9-2020-q2-update.win32_1.5.0.202011040924/tools/bin/../lib/gcc/arm-none-eabi/9.3.1/thumb/v7e-m+fp/hard\libgcc.a(_aeabi_uldivmod.o)
 .debug_frame   0x00000000000039a0       0x34 c:/st/stm32cubeide_1.6.1/stm32cubeide/plugins/com.st.stm32cube.ide.mcu.externaltools.gnu-tools-for-stm32.9-2020-q2-update.win32_1.5.0.202011040924/tools/bin/../lib/gcc/arm-none-eabi/9.3.1/thumb/v7e-m+fp/hard\libgcc.a(_udivmoddi4.o)
